error: unsafe block missing a safety comment
  --> $DIR/undocumented_unsafe_blocks.rs:265:19
   |
LL |     /* Safety: */ unsafe {}
   |                   ^^^^^^^^^
   |
   = help: consider adding a safety comment on the preceding line
   = note: `-D clippy::undocumented-unsafe-blocks` implied by `-D warnings`
   = help: to override `-D warnings` add `#[allow(clippy::undocumented_unsafe_blocks)]`

error: unsafe block missing a safety comment
  --> $DIR/undocumented_unsafe_blocks.rs:269:5
   |
LL |     unsafe {}
   |     ^^^^^^^^^
   |
   = help: consider adding a safety comment on the preceding line

error: unsafe block missing a safety comment
  --> $DIR/undocumented_unsafe_blocks.rs:273:14
   |
LL |     let _ = [unsafe { 14 }, unsafe { 15 }, 42, unsafe { 16 }];
   |              ^^^^^^^^^^^^^
   |
   = help: consider adding a safety comment on the preceding line

error: unsafe block missing a safety comment
  --> $DIR/undocumented_unsafe_blocks.rs:273:29
   |
LL |     let _ = [unsafe { 14 }, unsafe { 15 }, 42, unsafe { 16 }];
   |                             ^^^^^^^^^^^^^
   |
   = help: consider adding a safety comment on the preceding line

error: unsafe block missing a safety comment
  --> $DIR/undocumented_unsafe_blocks.rs:273:48
   |
LL |     let _ = [unsafe { 14 }, unsafe { 15 }, 42, unsafe { 16 }];
   |                                                ^^^^^^^^^^^^^
   |
   = help: consider adding a safety comment on the preceding line

error: unsafe block missing a safety comment
  --> $DIR/undocumented_unsafe_blocks.rs:277:18
   |
LL |     let _ = (42, unsafe {}, "test", unsafe {});
   |                  ^^^^^^^^^
   |
   = help: consider adding a safety comment on the preceding line

error: unsafe block missing a safety comment
  --> $DIR/undocumented_unsafe_blocks.rs:277:37
   |
LL |     let _ = (42, unsafe {}, "test", unsafe {});
   |                                     ^^^^^^^^^
   |
   = help: consider adding a safety comment on the preceding line

error: unsafe block missing a safety comment
  --> $DIR/undocumented_unsafe_blocks.rs:281:14
   |
LL |     let _ = *unsafe { &42 };
   |              ^^^^^^^^^^^^^^
   |
   = help: consider adding a safety comment on the preceding line

error: unsafe block missing a safety comment
  --> $DIR/undocumented_unsafe_blocks.rs:286:19
   |
LL |     let _ = match unsafe {} {
   |                   ^^^^^^^^^
   |
   = help: consider adding a safety comment on the preceding line

error: unsafe block missing a safety comment
  --> $DIR/undocumented_unsafe_blocks.rs:292:14
   |
LL |     let _ = &unsafe {};
   |              ^^^^^^^^^
   |
   = help: consider adding a safety comment on the preceding line

error: unsafe block missing a safety comment
  --> $DIR/undocumented_unsafe_blocks.rs:296:14
   |
LL |     let _ = [unsafe {}; 5];
   |              ^^^^^^^^^
   |
   = help: consider adding a safety comment on the preceding line

error: unsafe block missing a safety comment
  --> $DIR/undocumented_unsafe_blocks.rs:300:13
   |
LL |     let _ = unsafe {};
   |             ^^^^^^^^^
   |
   = help: consider adding a safety comment on the preceding line

error: unsafe block missing a safety comment
  --> $DIR/undocumented_unsafe_blocks.rs:310:8
   |
LL |     t!(unsafe {});
   |        ^^^^^^^^^
   |
   = help: consider adding a safety comment on the preceding line

error: unsafe block missing a safety comment
  --> $DIR/undocumented_unsafe_blocks.rs:316:13
   |
LL |             unsafe {}
   |             ^^^^^^^^^
...
LL |     t!();
   |     ---- in this macro invocation
   |
   = help: consider adding a safety comment on the preceding line
   = note: this error originates in the macro `t` (in Nightly builds, run with -Z macro-backtrace for more info)

error: unsafe block missing a safety comment
  --> $DIR/undocumented_unsafe_blocks.rs:324:5
   |
LL |     unsafe {} // SAFETY:
   |     ^^^^^^^^^
   |
   = help: consider adding a safety comment on the preceding line

error: unsafe block missing a safety comment
  --> $DIR/undocumented_unsafe_blocks.rs:328:5
   |
LL |     unsafe {
   |     ^^^^^^^^
   |
   = help: consider adding a safety comment on the preceding line

error: unsafe block missing a safety comment
  --> $DIR/undocumented_unsafe_blocks.rs:338:5
   |
LL |     unsafe {};
   |     ^^^^^^^^^
   |
   = help: consider adding a safety comment on the preceding line

error: unsafe block missing a safety comment
  --> $DIR/undocumented_unsafe_blocks.rs:342:20
   |
LL |     println!("{}", unsafe { String::from_utf8_unchecked(vec![]) });
   |                    ^^^^^^^^^^^^^^^^^^^^^^^^^^^^^^^^^^^^^^^^^^^^^^
   |
   = help: consider adding a safety comment on the preceding line

error: unsafe impl missing a safety comment
  --> $DIR/undocumented_unsafe_blocks.rs:349:5
   |
LL |     unsafe impl A for () {}
   |     ^^^^^^^^^^^^^^^^^^^^^^^
   |
   = help: consider adding a safety comment on the preceding line

error: unsafe impl missing a safety comment
  --> $DIR/undocumented_unsafe_blocks.rs:356:9
   |
LL |         unsafe impl B for (u32) {}
   |         ^^^^^^^^^^^^^^^^^^^^^^^^^^
   |
   = help: consider adding a safety comment on the preceding line

error: unsafe impl missing a safety comment
  --> $DIR/undocumented_unsafe_blocks.rs:377:13
   |
LL |             unsafe impl T for $t {}
   |             ^^^^^^^^^^^^^^^^^^^^^^^
...
LL |     no_safety_comment!(());
   |     ---------------------- in this macro invocation
   |
   = help: consider adding a safety comment on the preceding line
   = note: this error originates in the macro `no_safety_comment` (in Nightly builds, run with -Z macro-backtrace for more info)

error: unsafe impl missing a safety comment
  --> $DIR/undocumented_unsafe_blocks.rs:402:13
   |
LL |             unsafe impl T for $t {}
   |             ^^^^^^^^^^^^^^^^^^^^^^^
...
LL |     no_safety_comment!(());
   |     ---------------------- in this macro invocation
   |
   = help: consider adding a safety comment on the preceding line
   = note: this error originates in the macro `no_safety_comment` (in Nightly builds, run with -Z macro-backtrace for more info)

error: unsafe impl missing a safety comment
  --> $DIR/undocumented_unsafe_blocks.rs:410:5
   |
LL |     unsafe impl T for (i32) {}
   |     ^^^^^^^^^^^^^^^^^^^^^^^^^^
   |
   = help: consider adding a safety comment on the preceding line

error: unsafe impl missing a safety comment
  --> $DIR/undocumented_unsafe_blocks.rs:402:13
   |
LL |             unsafe impl T for $t {}
   |             ^^^^^^^^^^^^^^^^^^^^^^^
...
LL |     no_safety_comment!(u32);
   |     ----------------------- in this macro invocation
   |
   = help: consider adding a safety comment on the preceding line
   = note: this error originates in the macro `no_safety_comment` (in Nightly builds, run with -Z macro-backtrace for more info)

error: unsafe impl missing a safety comment
  --> $DIR/undocumented_unsafe_blocks.rs:416:5
   |
LL |     unsafe impl T for (bool) {}
   |     ^^^^^^^^^^^^^^^^^^^^^^^^^^^
   |
   = help: consider adding a safety comment on the preceding line

error: unsafe impl missing a safety comment
  --> $DIR/undocumented_unsafe_blocks.rs:462:5
   |
LL |     unsafe impl NoComment for () {}
   |     ^^^^^^^^^^^^^^^^^^^^^^^^^^^^^^^
   |
   = help: consider adding a safety comment on the preceding line

error: unsafe impl missing a safety comment
  --> $DIR/undocumented_unsafe_blocks.rs:466:19
   |
LL |     /* SAFETY: */ unsafe impl InlineComment for () {}
   |                   ^^^^^^^^^^^^^^^^^^^^^^^^^^^^^^^^^^^
   |
   = help: consider adding a safety comment on the preceding line

error: unsafe impl missing a safety comment
  --> $DIR/undocumented_unsafe_blocks.rs:470:5
   |
LL |     unsafe impl TrailingComment for () {} // SAFETY:
   |     ^^^^^^^^^^^^^^^^^^^^^^^^^^^^^^^^^^^^^
   |
   = help: consider adding a safety comment on the preceding line

error: constant item has unnecessary safety comment
  --> $DIR/undocumented_unsafe_blocks.rs:474:5
   |
LL |     const BIG_NUMBER: i32 = 1000000;
   |     ^^^^^^^^^^^^^^^^^^^^^^^^^^^^^^^^
   |
help: consider removing the safety comment
  --> $DIR/undocumented_unsafe_blocks.rs:473:5
   |
LL |     // SAFETY:
   |     ^^^^^^^^^^
   = note: `-D clippy::unnecessary-safety-comment` implied by `-D warnings`
   = help: to override `-D warnings` add `#[allow(clippy::unnecessary_safety_comment)]`

error: unsafe impl missing a safety comment
  --> $DIR/undocumented_unsafe_blocks.rs:475:5
   |
LL |     unsafe impl Interference for () {}
   |     ^^^^^^^^^^^^^^^^^^^^^^^^^^^^^^^^^^
   |
   = help: consider adding a safety comment on the preceding line

error: unsafe impl missing a safety comment
  --> $DIR/undocumented_unsafe_blocks.rs:482:5
   |
LL |     unsafe impl ImplInFn for () {}
   |     ^^^^^^^^^^^^^^^^^^^^^^^^^^^^^^
   |
   = help: consider adding a safety comment on the preceding line

error: unsafe impl missing a safety comment
  --> $DIR/undocumented_unsafe_blocks.rs:491:1
   |
LL | unsafe impl CrateRoot for () {}
   | ^^^^^^^^^^^^^^^^^^^^^^^^^^^^^^^
   |
   = help: consider adding a safety comment on the preceding line

error: unsafe block missing a safety comment
  --> $DIR/undocumented_unsafe_blocks.rs:501:9
   |
LL |         unsafe {};
   |         ^^^^^^^^^
   |
   = help: consider adding a safety comment on the preceding line

error: statement has unnecessary safety comment
  --> $DIR/undocumented_unsafe_blocks.rs:504:5
   |
LL | /     let _ = {
LL | |         if unsafe { true } {
LL | |             todo!();
LL | |         } else {
...  |
LL | |         }
LL | |     };
   | |______^
   |
help: consider removing the safety comment
  --> $DIR/undocumented_unsafe_blocks.rs:503:5
   |
LL |     // SAFETY: this is more than one level away, so it should warn
   |     ^^^^^^^^^^^^^^^^^^^^^^^^^^^^^^^^^^^^^^^^^^^^^^^^^^^^^^^^^^^^^^

error: unsafe block missing a safety comment
  --> $DIR/undocumented_unsafe_blocks.rs:505:12
   |
LL |         if unsafe { true } {
   |            ^^^^^^^^^^^^^^^
   |
   = help: consider adding a safety comment on the preceding line

error: unsafe block missing a safety comment
  --> $DIR/undocumented_unsafe_blocks.rs:508:23
   |
LL |             let bar = unsafe {};
   |                       ^^^^^^^^^
   |
   = help: consider adding a safety comment on the preceding line

error: unsafe block missing a safety comment
  --> $DIR/undocumented_unsafe_blocks.rs:526:9
   |
LL |         unsafe { a_function_with_a_very_long_name_to_break_the_line() };
   |         ^^^^^^^^^^^^^^^^^^^^^^^^^^^^^^^^^^^^^^^^^^^^^^^^^^^^^^^^^^^^^^^
   |
   = help: consider adding a safety comment on the preceding line

error: unsafe block missing a safety comment
  --> $DIR/undocumented_unsafe_blocks.rs:530:9
   |
LL |         unsafe { a_const_function_with_a_very_long_name_to_break_the_line() };
   |         ^^^^^^^^^^^^^^^^^^^^^^^^^^^^^^^^^^^^^^^^^^^^^^^^^^^^^^^^^^^^^^^^^^^^^
   |
   = help: consider adding a safety comment on the preceding line

error: unsafe block missing a safety comment
  --> $DIR/undocumented_unsafe_blocks.rs:534:9
   |
LL |         unsafe { a_const_function_with_a_very_long_name_to_break_the_line() };
   |         ^^^^^^^^^^^^^^^^^^^^^^^^^^^^^^^^^^^^^^^^^^^^^^^^^^^^^^^^^^^^^^^^^^^^^
   |
   = help: consider adding a safety comment on the preceding line

error: unsafe block missing a safety comment
  --> $DIR/undocumented_unsafe_blocks.rs:540:5
   |
LL |     unsafe {}
   |     ^^^^^^^^^
   |
   = help: consider adding a safety comment on the preceding line

error: unsafe block missing a safety comment
  --> $DIR/undocumented_unsafe_blocks.rs:544:5
   |
LL |     unsafe {
   |     ^^^^^^^^
   |
   = help: consider adding a safety comment on the preceding line

error: unsafe block missing a safety comment
  --> $DIR/undocumented_unsafe_blocks.rs:551:9
   |
LL |         unsafe { a_function_with_a_very_long_name_to_break_the_line() };
   |         ^^^^^^^^^^^^^^^^^^^^^^^^^^^^^^^^^^^^^^^^^^^^^^^^^^^^^^^^^^^^^^^
   |
   = help: consider adding a safety comment on the preceding line

error: unsafe block missing a safety comment
  --> $DIR/undocumented_unsafe_blocks.rs:556:9
   |
LL |         unsafe { a_const_function_with_a_very_long_name_to_break_the_line() };
   |         ^^^^^^^^^^^^^^^^^^^^^^^^^^^^^^^^^^^^^^^^^^^^^^^^^^^^^^^^^^^^^^^^^^^^^
   |
   = help: consider adding a safety comment on the preceding line

error: unsafe block missing a safety comment
  --> $DIR/undocumented_unsafe_blocks.rs:562:9
   |
LL |         unsafe { a_const_function_with_a_very_long_name_to_break_the_line() };
   |         ^^^^^^^^^^^^^^^^^^^^^^^^^^^^^^^^^^^^^^^^^^^^^^^^^^^^^^^^^^^^^^^^^^^^^
   |
   = help: consider adding a safety comment on the preceding line

error: unsafe block missing a safety comment
  --> $DIR/undocumented_unsafe_blocks.rs:567:5
   |
LL |     unsafe {}
   |     ^^^^^^^^^
   |
   = help: consider adding a safety comment on the preceding line

error: aborting due to 45 previous errors

