error: this expression creates a reference which is immediately dereferenced by the compiler
  --> $DIR/needless_borrow.rs:14:15
   |
LL |     let _ = x(&&a); // warn
   |               ^^^ help: change this to: `&a`
   |
   = note: `-D clippy::needless-borrow` implied by `-D warnings`
   = help: to override `-D warnings` add `#[allow(clippy::needless_borrow)]`

error: this expression creates a reference which is immediately dereferenced by the compiler
  --> $DIR/needless_borrow.rs:18:13
   |
LL |     mut_ref(&mut &mut b); // warn
   |             ^^^^^^^^^^^ help: change this to: `&mut b`

error: this expression creates a reference which is immediately dereferenced by the compiler
  --> $DIR/needless_borrow.rs:30:13
   |
LL |             &&a
   |             ^^^ help: change this to: `&a`

error: this expression creates a reference which is immediately dereferenced by the compiler
  --> $DIR/needless_borrow.rs:32:15
   |
LL |         46 => &&a,
   |               ^^^ help: change this to: `&a`

error: this expression creates a reference which is immediately dereferenced by the compiler
  --> $DIR/needless_borrow.rs:38:27
   |
LL |                     break &ref_a;
   |                           ^^^^^^ help: change this to: `ref_a`

error: this expression creates a reference which is immediately dereferenced by the compiler
  --> $DIR/needless_borrow.rs:45:15
   |
LL |     let _ = x(&&&a);
   |               ^^^^ help: change this to: `&a`

error: this expression creates a reference which is immediately dereferenced by the compiler
  --> $DIR/needless_borrow.rs:46:15
   |
LL |     let _ = x(&mut &&a);
   |               ^^^^^^^^ help: change this to: `&a`

error: this expression creates a reference which is immediately dereferenced by the compiler
  --> $DIR/needless_borrow.rs:47:15
   |
LL |     let _ = x(&&&mut b);
   |               ^^^^^^^^ help: change this to: `&mut b`

error: this expression creates a reference which is immediately dereferenced by the compiler
  --> $DIR/needless_borrow.rs:48:15
   |
LL |     let _ = x(&&ref_a);
   |               ^^^^^^^ help: change this to: `ref_a`

error: this expression creates a reference which is immediately dereferenced by the compiler
  --> $DIR/needless_borrow.rs:51:11
   |
LL |         x(&b);
   |           ^^ help: change this to: `b`

error: this expression creates a reference which is immediately dereferenced by the compiler
  --> $DIR/needless_borrow.rs:58:13
   |
LL |     mut_ref(&mut x);
   |             ^^^^^^ help: change this to: `x`

error: this expression creates a reference which is immediately dereferenced by the compiler
  --> $DIR/needless_borrow.rs:59:13
   |
LL |     mut_ref(&mut &mut x);
   |             ^^^^^^^^^^^ help: change this to: `x`

error: this expression creates a reference which is immediately dereferenced by the compiler
  --> $DIR/needless_borrow.rs:60:23
   |
LL |     let y: &mut i32 = &mut x;
   |                       ^^^^^^ help: change this to: `x`

error: this expression creates a reference which is immediately dereferenced by the compiler
  --> $DIR/needless_borrow.rs:61:23
   |
LL |     let y: &mut i32 = &mut &mut x;
   |                       ^^^^^^^^^^^ help: change this to: `x`

error: this expression creates a reference which is immediately dereferenced by the compiler
  --> $DIR/needless_borrow.rs:70:14
   |
LL |         0 => &mut x,
   |              ^^^^^^ help: change this to: `x`

error: this expression creates a reference which is immediately dereferenced by the compiler
  --> $DIR/needless_borrow.rs:76:14
   |
LL |         0 => &mut x,
   |              ^^^^^^ help: change this to: `x`

error: this expression borrows a value the compiler would automatically borrow
  --> $DIR/needless_borrow.rs:88:13
   |
LL |     let _ = (&x).0;
   |             ^^^^ help: change this to: `x`

error: this expression borrows a value the compiler would automatically borrow
  --> $DIR/needless_borrow.rs:90:22
   |
LL |     let _ = unsafe { (&*x).0 };
   |                      ^^^^^ help: change this to: `(*x)`

error: this expression creates a reference which is immediately dereferenced by the compiler
  --> $DIR/needless_borrow.rs:100:5
   |
LL |     (&&()).foo();
   |     ^^^^^^ help: change this to: `(&())`

error: this expression creates a reference which is immediately dereferenced by the compiler
  --> $DIR/needless_borrow.rs:109:5
   |
LL |     (&&5).foo();
   |     ^^^^^ help: change this to: `(&5)`

error: this expression creates a reference which is immediately dereferenced by the compiler
  --> $DIR/needless_borrow.rs:135:23
   |
LL |     let x: (&str,) = (&"",);
   |                       ^^^ help: change this to: `""`

error: this expression borrows a value the compiler would automatically borrow
  --> $DIR/needless_borrow.rs:177:13
   |
LL |             (&self.f)()
   |             ^^^^^^^^^ help: change this to: `(self.f)`

error: this expression borrows a value the compiler would automatically borrow
  --> $DIR/needless_borrow.rs:186:13
   |
LL |             (&mut self.f)()
   |             ^^^^^^^^^^^^^ help: change this to: `(self.f)`

error: this expression borrows a value the compiler would automatically borrow
  --> $DIR/needless_borrow.rs:223:22
   |
LL |         let _ = &mut (&mut { x.u }).x;
   |                      ^^^^^^^^^^^^^^ help: change this to: `{ x.u }`

error: this expression borrows a value the compiler would automatically borrow
  --> $DIR/needless_borrow.rs:230:22
   |
LL |         let _ = &mut (&mut { x.u }).x;
   |                      ^^^^^^^^^^^^^^ help: change this to: `{ x.u }`

error: this expression borrows a value the compiler would automatically borrow
  --> $DIR/needless_borrow.rs:234:22
   |
LL |         let _ = &mut (&mut x.u).x;
   |                      ^^^^^^^^^^ help: change this to: `x.u`

error: this expression borrows a value the compiler would automatically borrow
  --> $DIR/needless_borrow.rs:235:22
   |
LL |         let _ = &mut (&mut { x.u }).x;
   |                      ^^^^^^^^^^^^^^ help: change this to: `{ x.u }`

error: aborting due to 27 previous errors

