error: this boolean expression can be simplified
  --> $DIR/nonminimal_bool.rs:17:13
   |
LL |     let _ = !true;
   |             ^^^^^ help: try: `false`
   |
   = note: `-D clippy::nonminimal-bool` implied by `-D warnings`
   = help: to override `-D warnings` add `#[allow(clippy::nonminimal_bool)]`

error: this boolean expression can be simplified
  --> $DIR/nonminimal_bool.rs:20:13
   |
LL |     let _ = !false;
   |             ^^^^^^ help: try: `true`

error: this boolean expression can be simplified
  --> $DIR/nonminimal_bool.rs:22:13
   |
LL |     let _ = !!a;
   |             ^^^ help: try: `a`

error: this boolean expression can be simplified
  --> $DIR/nonminimal_bool.rs:24:13
   |
LL |     let _ = false || a;
   |             ^^^^^^^^^^ help: try: `a`

error: this boolean expression can be simplified
  --> $DIR/nonminimal_bool.rs:29:13
   |
LL |     let _ = !(!a && b);
   |             ^^^^^^^^^^ help: try: `a || !b`

error: this boolean expression can be simplified
  --> $DIR/nonminimal_bool.rs:31:13
   |
LL |     let _ = !(!a || b);
   |             ^^^^^^^^^^ help: try: `a && !b`

error: this boolean expression can be simplified
  --> $DIR/nonminimal_bool.rs:33:13
   |
LL |     let _ = !a && !(b && c);
   |             ^^^^^^^^^^^^^^^ help: try: `!(a || b && c)`

error: this boolean expression can be simplified
  --> $DIR/nonminimal_bool.rs:42:13
   |
LL |     let _ = a == b && c == 5 && a == b;
   |             ^^^^^^^^^^^^^^^^^^^^^^^^^^
   |
help: try
   |
LL |     let _ = !(a != b || c != 5);
   |             ~~~~~~~~~~~~~~~~~~~
LL |     let _ = a == b && c == 5;
   |             ~~~~~~~~~~~~~~~~

error: this boolean expression can be simplified
  --> $DIR/nonminimal_bool.rs:44:13
   |
LL |     let _ = a == b || c == 5 || a == b;
   |             ^^^^^^^^^^^^^^^^^^^^^^^^^^
   |
help: try
   |
LL |     let _ = !(a != b && c != 5);
   |             ~~~~~~~~~~~~~~~~~~~
LL |     let _ = a == b || c == 5;
   |             ~~~~~~~~~~~~~~~~

error: this boolean expression can be simplified
  --> $DIR/nonminimal_bool.rs:46:13
   |
LL |     let _ = a == b && c == 5 && b == a;
   |             ^^^^^^^^^^^^^^^^^^^^^^^^^^
   |
help: try
   |
LL |     let _ = !(a != b || c != 5);
   |             ~~~~~~~~~~~~~~~~~~~
LL |     let _ = a == b && c == 5;
   |             ~~~~~~~~~~~~~~~~

error: this boolean expression can be simplified
  --> $DIR/nonminimal_bool.rs:48:13
   |
LL |     let _ = a != b || !(a != b || c == d);
   |             ^^^^^^^^^^^^^^^^^^^^^^^^^^^^^
   |
help: try
   |
LL |     let _ = !(a == b && c == d);
   |             ~~~~~~~~~~~~~~~~~~~
LL |     let _ = a != b || c != d;
   |             ~~~~~~~~~~~~~~~~

error: this boolean expression can be simplified
  --> $DIR/nonminimal_bool.rs:50:13
   |
LL |     let _ = a != b && !(a != b && c == d);
   |             ^^^^^^^^^^^^^^^^^^^^^^^^^^^^^
   |
help: try
   |
LL |     let _ = !(a == b || c == d);
   |             ~~~~~~~~~~~~~~~~~~~
LL |     let _ = a != b && c != d;
   |             ~~~~~~~~~~~~~~~~

error: this boolean expression can be simplified
  --> $DIR/nonminimal_bool.rs:81:8
   |
LL |     if matches!(true, true) && true {
   |        ^^^^^^^^^^^^^^^^^^^^^^^^^^^^ help: try: `matches!(true, true)`

error: aborting due to 13 previous errors

